com\techietact\crm\entity\Privillege.class
com\techietact\crm\controller\LeadController.class
com\techietact\crm\service\LoginServiceImpl.class
com\techietact\crm\controller\LoginController.class
com\techietact\crm\dao\CustomerDAO.class
com\techietact\crm\dao\LeadDAOImpl.class
com\techietact\crm\service\RoleServiceImpl.class
com\techietact\crm\service\RoleService.class
com\techietact\crm\dao\LoginDao.class
com\techietact\crm\service\CustomerServiceImpl.class
com\techietact\crm\security\SecurityConfig.class
com\techietact\crm\entity\Access.class
com\techietact\crm\dao\CustomerDAOImpl.class
com\techietact\crm\controller\RoleController.class
com\techietact\crm\entity\Login.class
com\techietact\crm\entity\Lead.class
com\techietact\crm\aspects\LoggingAspect.class
com\techietact\crm\dao\RoleDaoImpl.class
com\techietact\crm\service\CustomerService.class
com\techietact\crm\controller\CustomerController.class
com\techietact\crm\service\LeadService.class
com\techietact\crm\entity\Customer.class
com\techietact\crm\service\CRMUserDetailsService.class
com\techietact\crm\dao\RoleDao.class
com\techietact\crm\dao\LoginDaoImpl.class
com\techietact\crm\entity\Role.class
com\techietact\crm\utils\EncryptAndDecrypt.class
com\techietact\crm\utils\SortUtils.class
com\techietact\crm\dao\LeadDAO.class
com\techietact\crm\security\SecurityWebApplicationInitializer.class
com\techietact\crm\entity\MyCRMUser.class
com\techietact\crm\service\LoginService.class
com\techietact\crm\service\LeadServiceImpl.class
