D:\gitrepo\myspringcrm\myspringcrm\src\main\java\com\techietact\crm\service\RoleService.java
D:\gitrepo\myspringcrm\myspringcrm\src\main\java\com\techietact\crm\dao\LoginDaoImpl.java
D:\gitrepo\myspringcrm\myspringcrm\src\main\java\com\techietact\crm\security\SecurityConfig.java
D:\gitrepo\myspringcrm\myspringcrm\src\main\java\com\techietact\crm\entity\Role.java
D:\gitrepo\myspringcrm\myspringcrm\src\main\java\com\techietact\crm\dao\LoginDao.java
D:\gitrepo\myspringcrm\myspringcrm\src\main\java\com\techietact\crm\dao\LeadDAOImpl.java
D:\gitrepo\myspringcrm\myspringcrm\src\main\java\com\techietact\crm\service\CustomerServiceImpl.java
D:\gitrepo\myspringcrm\myspringcrm\src\main\java\com\techietact\crm\entity\Privillege.java
D:\gitrepo\myspringcrm\myspringcrm\src\main\java\com\techietact\crm\service\CRMUserDetailsService.java
D:\gitrepo\myspringcrm\myspringcrm\src\main\java\com\techietact\crm\entity\MyCRMUser.java
D:\gitrepo\myspringcrm\myspringcrm\src\main\java\com\techietact\crm\security\SecurityWebApplicationInitializer.java
D:\gitrepo\myspringcrm\myspringcrm\src\main\java\com\techietact\crm\controller\RoleController.java
D:\gitrepo\myspringcrm\myspringcrm\src\main\java\com\techietact\crm\controller\LeadController.java
D:\gitrepo\myspringcrm\myspringcrm\src\main\java\com\techietact\crm\entity\Login.java
D:\gitrepo\myspringcrm\myspringcrm\src\main\java\com\techietact\crm\dao\RoleDao.java
D:\gitrepo\myspringcrm\myspringcrm\src\main\java\com\techietact\crm\service\LeadServiceImpl.java
D:\gitrepo\myspringcrm\myspringcrm\src\main\java\com\techietact\crm\service\CustomerService.java
D:\gitrepo\myspringcrm\myspringcrm\src\main\java\com\techietact\crm\dao\RoleDaoImpl.java
D:\gitrepo\myspringcrm\myspringcrm\src\main\java\com\techietact\crm\controller\CustomerController.java
D:\gitrepo\myspringcrm\myspringcrm\src\main\java\com\techietact\crm\utils\SortUtils.java
D:\gitrepo\myspringcrm\myspringcrm\src\main\java\com\techietact\crm\controller\LoginController.java
D:\gitrepo\myspringcrm\myspringcrm\src\main\java\com\techietact\crm\service\LoginServiceImpl.java
D:\gitrepo\myspringcrm\myspringcrm\src\main\java\com\techietact\crm\dao\CustomerDAO.java
D:\gitrepo\myspringcrm\myspringcrm\src\main\java\com\techietact\crm\entity\Access.java
D:\gitrepo\myspringcrm\myspringcrm\src\main\java\com\techietact\crm\dao\CustomerDAOImpl.java
D:\gitrepo\myspringcrm\myspringcrm\src\main\java\com\techietact\crm\service\LeadService.java
D:\gitrepo\myspringcrm\myspringcrm\src\main\java\com\techietact\crm\aspects\LoggingAspect.java
D:\gitrepo\myspringcrm\myspringcrm\src\main\java\com\techietact\crm\dao\LeadDAO.java
D:\gitrepo\myspringcrm\myspringcrm\src\main\java\com\techietact\crm\utils\EncryptAndDecrypt.java
D:\gitrepo\myspringcrm\myspringcrm\src\main\java\com\techietact\crm\service\LoginService.java
D:\gitrepo\myspringcrm\myspringcrm\src\main\java\com\techietact\crm\entity\Lead.java
D:\gitrepo\myspringcrm\myspringcrm\src\main\java\com\techietact\crm\service\RoleServiceImpl.java
D:\gitrepo\myspringcrm\myspringcrm\src\main\java\com\techietact\crm\entity\Customer.java
